2026-01-09 04:09:29.615 | INFO     | __main__:__init__:49 - Device client initialized: MacBook-Air-Daniil.local-20260109040929
2026-01-09 04:09:29.615 | INFO     | __main__:start:394 - Starting device client: MacBook-Air-Daniil.local-20260109040929
2026-01-09 04:09:29.616 | DEBUG    | __main__:_create_session:106 - HTTP session created
2026-01-09 04:09:29.622 | ERROR    | __main__:register_device:157 - Network error during registration: Cannot connect to host localhost:8000 ssl:default [Multiple exceptions: [Errno 61] Connect call failed ('::1', 8000, 0, 0), [Errno 61] Connect call failed ('127.0.0.1', 8000)]
2026-01-09 04:09:29.622 | ERROR    | __main__:start:403 - Failed to register device. Exiting.
2026-01-09 04:09:29.622 | INFO     | __main__:stop:429 - Stopping device client...
2026-01-09 04:09:40.522 | INFO     | __main__:__init__:49 - Device client initialized: MacBook-Air-Daniil.local-20260109040940
2026-01-09 04:09:40.522 | INFO     | __main__:start:394 - Starting device client: MacBook-Air-Daniil.local-20260109040940
2026-01-09 04:09:40.522 | DEBUG    | __main__:_create_session:106 - HTTP session created
2026-01-09 04:09:41.015 | INFO     | __main__:register_device:136 - Registering device: {'device_id': 'MacBook-Air-Daniil.local-20260109040940', 'name': 'MacBook-Air-Daniil.local', 'platform': <Platform.MACOS: 'macos'>, 'arch': 'arm64', 'version': 'Darwin Kernel Version 25.2.0: Tue Nov 18 21:09:34 PST 2025; root:xnu-12377.61.12~1/RELEASE_ARM64_T8112', 'ip_address': '208.123.185.204'}
2026-01-09 04:09:41.018 | ERROR    | __main__:register_device:153 - Registration failed: {"detail":"Not Found"}
2026-01-09 04:09:41.018 | ERROR    | __main__:start:403 - Failed to register device. Exiting.
2026-01-09 04:09:41.018 | INFO     | __main__:stop:429 - Stopping device client...
2026-01-09 04:11:22.704 | INFO     | __main__:__init__:49 - Device client initialized: MacBook-Air-Daniil.local-20260109041122
2026-01-09 04:11:22.705 | INFO     | __main__:start:394 - Starting device client: MacBook-Air-Daniil.local-20260109041122
2026-01-09 04:11:22.705 | DEBUG    | __main__:_create_session:106 - HTTP session created
2026-01-09 04:11:23.196 | INFO     | __main__:register_device:136 - Registering device: {'device_id': 'MacBook-Air-Daniil.local-20260109041122', 'name': 'MacBook-Air-Daniil.local', 'platform': <Platform.MACOS: 'macos'>, 'arch': 'arm64', 'version': 'Darwin Kernel Version 25.2.0: Tue Nov 18 21:09:34 PST 2025; root:xnu-12377.61.12~1/RELEASE_ARM64_T8112', 'ip_address': '208.123.185.204'}
2026-01-09 04:11:23.200 | SUCCESS  | __main__:register_device:144 - Device registered successfully. Token: 3GoNw_womN...
2026-01-09 04:11:23.200 | INFO     | __main__:_save_device_token:184 - Token saved to MacBook-Air-Daniil.local-20260109041122.token
2026-01-09 04:11:23.204 | WARNING  | __main__:_make_request:219 - Request failed with status 500
2026-01-09 04:11:23.216 | WARNING  | __main__:_make_request:219 - Request failed with status 500
2026-01-09 04:11:28.220 | WARNING  | __main__:_make_request:219 - Request failed with status 500
2026-01-09 04:11:33.225 | WARNING  | __main__:_make_request:219 - Request failed with status 500
2026-01-09 04:11:38.232 | WARNING  | __main__:_make_request:219 - Request failed with status 500
2026-01-09 04:11:43.238 | WARNING  | __main__:_make_request:219 - Request failed with status 500
2026-01-09 04:11:48.246 | WARNING  | __main__:_make_request:219 - Request failed with status 500
2026-01-09 04:11:53.207 | WARNING  | __main__:_make_request:219 - Request failed with status 500
2026-01-09 04:11:53.251 | WARNING  | __main__:_make_request:219 - Request failed with status 500
2026-01-09 04:11:58.256 | WARNING  | __main__:_make_request:219 - Request failed with status 500
2026-01-09 04:12:03.263 | WARNING  | __main__:_make_request:219 - Request failed with status 500
2026-01-09 04:12:08.267 | WARNING  | __main__:_make_request:219 - Request failed with status 500
2026-01-09 04:12:13.274 | WARNING  | __main__:_make_request:219 - Request failed with status 500
2026-01-09 04:12:18.283 | WARNING  | __main__:_make_request:219 - Request failed with status 500
2026-01-09 04:12:23.214 | WARNING  | __main__:_make_request:219 - Request failed with status 500
2026-01-09 04:12:23.291 | WARNING  | __main__:_make_request:219 - Request failed with status 500
2026-01-09 04:12:28.297 | WARNING  | __main__:_make_request:219 - Request failed with status 500
2026-01-09 04:12:33.303 | WARNING  | __main__:_make_request:219 - Request failed with status 500
2026-01-09 04:12:38.312 | WARNING  | __main__:_make_request:219 - Request failed with status 500
2026-01-09 04:12:43.318 | WARNING  | __main__:_make_request:219 - Request failed with status 500
2026-01-09 04:12:48.323 | WARNING  | __main__:_make_request:219 - Request failed with status 500
2026-01-09 04:12:53.220 | WARNING  | __main__:_make_request:219 - Request failed with status 500
2026-01-09 04:12:53.330 | WARNING  | __main__:_make_request:219 - Request failed with status 500
2026-01-09 04:12:58.342 | WARNING  | __main__:_make_request:219 - Request failed with status 500
2026-01-09 04:13:03.346 | WARNING  | __main__:_make_request:219 - Request failed with status 500
2026-01-09 04:13:08.351 | WARNING  | __main__:_make_request:219 - Request failed with status 500
2026-01-09 04:13:13.356 | WARNING  | __main__:_make_request:219 - Request failed with status 500
2026-01-09 04:13:18.362 | WARNING  | __main__:_make_request:219 - Request failed with status 500
2026-01-09 04:13:23.222 | ERROR    | __main__:_make_request:222 - Network error: Cannot connect to host localhost:8000 ssl:default [Multiple exceptions: [Errno 61] Connect call failed ('::1', 8000, 0, 0), [Errno 61] Connect call failed ('127.0.0.1', 8000)]
2026-01-09 04:13:23.365 | ERROR    | __main__:_make_request:222 - Network error: Cannot connect to host localhost:8000 ssl:default [Multiple exceptions: [Errno 61] Connect call failed ('::1', 8000, 0, 0), [Errno 61] Connect call failed ('127.0.0.1', 8000)]
2026-01-09 04:13:28.367 | ERROR    | __main__:_make_request:222 - Network error: Cannot connect to host localhost:8000 ssl:default [Multiple exceptions: [Errno 61] Connect call failed ('127.0.0.1', 8000), [Errno 61] Connect call failed ('::1', 8000, 0, 0)]
2026-01-09 04:13:33.370 | ERROR    | __main__:_make_request:222 - Network error: Cannot connect to host localhost:8000 ssl:default [Multiple exceptions: [Errno 61] Connect call failed ('::1', 8000, 0, 0), [Errno 61] Connect call failed ('127.0.0.1', 8000)]
2026-01-09 04:13:38.373 | ERROR    | __main__:_make_request:222 - Network error: Cannot connect to host localhost:8000 ssl:default [Multiple exceptions: [Errno 61] Connect call failed ('127.0.0.1', 8000), [Errno 61] Connect call failed ('::1', 8000, 0, 0)]
2026-01-09 04:13:43.379 | ERROR    | __main__:_make_request:222 - Network error: Cannot connect to host localhost:8000 ssl:default [Multiple exceptions: [Errno 61] Connect call failed ('::1', 8000, 0, 0), [Errno 61] Connect call failed ('127.0.0.1', 8000)]
2026-01-09 04:13:48.381 | ERROR    | __main__:_make_request:222 - Network error: Cannot connect to host localhost:8000 ssl:default [Multiple exceptions: [Errno 61] Connect call failed ('127.0.0.1', 8000), [Errno 61] Connect call failed ('::1', 8000, 0, 0)]
2026-01-09 04:13:53.225 | ERROR    | __main__:_make_request:222 - Network error: Cannot connect to host localhost:8000 ssl:default [Multiple exceptions: [Errno 61] Connect call failed ('::1', 8000, 0, 0), [Errno 61] Connect call failed ('127.0.0.1', 8000)]
2026-01-09 04:13:53.385 | ERROR    | __main__:_make_request:222 - Network error: Cannot connect to host localhost:8000 ssl:default [Multiple exceptions: [Errno 61] Connect call failed ('::1', 8000, 0, 0), [Errno 61] Connect call failed ('127.0.0.1', 8000)]
2026-01-09 04:13:58.388 | ERROR    | __main__:_make_request:222 - Network error: Cannot connect to host localhost:8000 ssl:default [Multiple exceptions: [Errno 61] Connect call failed ('127.0.0.1', 8000), [Errno 61] Connect call failed ('::1', 8000, 0, 0)]
2026-01-09 04:14:03.403 | ERROR    | __main__:_make_request:216 - Authentication failed. Token may be invalid.
2026-01-09 04:14:08.405 | ERROR    | __main__:_make_request:216 - Authentication failed. Token may be invalid.
2026-01-09 04:14:10.067 | INFO     | __main__:shutdown:436 - Received SIGINT. Shutting down...
2026-01-09 04:14:10.067 | INFO     | __main__:stop:429 - Stopping device client...
2026-01-09 04:14:23.227 | DEBUG    | __main__:_close_session:113 - HTTP session closed
2026-01-09 04:14:23.227 | INFO     | __main__:start:425 - Device client stopped
2026-01-09 04:14:23.228 | INFO     | __main__:stop:429 - Stopping device client...
2026-01-09 04:14:37.082 | INFO     | __main__:__init__:49 - Device client initialized: MacBook-Air-Daniil.local-20260109041437
2026-01-09 04:14:37.082 | INFO     | __main__:start:394 - Starting device client: MacBook-Air-Daniil.local-20260109041437
2026-01-09 04:14:37.083 | DEBUG    | __main__:_create_session:106 - HTTP session created
2026-01-09 04:14:37.561 | INFO     | __main__:register_device:136 - Registering device: {'device_id': 'MacBook-Air-Daniil.local-20260109041437', 'name': 'MacBook-Air-Daniil.local', 'platform': <Platform.MACOS: 'macos'>, 'arch': 'arm64', 'version': 'Darwin Kernel Version 25.2.0: Tue Nov 18 21:09:34 PST 2025; root:xnu-12377.61.12~1/RELEASE_ARM64_T8112', 'ip_address': '208.123.185.204'}
2026-01-09 04:14:37.566 | SUCCESS  | __main__:register_device:144 - Device registered successfully. Token: NdwMkczUtx...
2026-01-09 04:14:37.567 | INFO     | __main__:_save_device_token:184 - Token saved to MacBook-Air-Daniil.local-20260109041437.token
2026-01-09 04:14:37.571 | WARNING  | __main__:_make_request:219 - Request failed with status 500
2026-01-09 04:14:37.581 | WARNING  | __main__:_make_request:219 - Request failed with status 500
2026-01-09 04:14:42.584 | WARNING  | __main__:_make_request:219 - Request failed with status 500
2026-01-09 04:14:47.589 | WARNING  | __main__:_make_request:219 - Request failed with status 500
2026-01-09 04:14:52.594 | WARNING  | __main__:_make_request:219 - Request failed with status 500
2026-01-09 04:14:57.601 | WARNING  | __main__:_make_request:219 - Request failed with status 500
2026-01-09 04:15:02.606 | WARNING  | __main__:_make_request:219 - Request failed with status 500
2026-01-09 04:15:07.579 | WARNING  | __main__:_make_request:219 - Request failed with status 500
2026-01-09 04:15:07.613 | WARNING  | __main__:_make_request:219 - Request failed with status 500
2026-01-09 04:15:12.618 | WARNING  | __main__:_make_request:219 - Request failed with status 500
2026-01-09 04:15:17.625 | WARNING  | __main__:_make_request:219 - Request failed with status 500
2026-01-09 04:15:22.632 | WARNING  | __main__:_make_request:219 - Request failed with status 500
2026-01-09 04:15:27.639 | WARNING  | __main__:_make_request:219 - Request failed with status 500
2026-01-09 04:15:32.647 | WARNING  | __main__:_make_request:219 - Request failed with status 500
2026-01-09 04:15:37.583 | WARNING  | __main__:_make_request:219 - Request failed with status 500
2026-01-09 04:15:37.653 | WARNING  | __main__:_make_request:219 - Request failed with status 500
2026-01-09 04:15:42.658 | WARNING  | __main__:_make_request:219 - Request failed with status 500
2026-01-09 04:15:47.667 | WARNING  | __main__:_make_request:219 - Request failed with status 500
2026-01-09 04:15:52.672 | WARNING  | __main__:_make_request:219 - Request failed with status 500
2026-01-09 04:15:57.679 | WARNING  | __main__:_make_request:219 - Request failed with status 500
2026-01-09 04:16:02.685 | WARNING  | __main__:_make_request:219 - Request failed with status 500
2026-01-09 04:16:07.589 | WARNING  | __main__:_make_request:219 - Request failed with status 500
2026-01-09 04:16:07.692 | WARNING  | __main__:_make_request:219 - Request failed with status 500
2026-01-09 04:16:12.697 | WARNING  | __main__:_make_request:219 - Request failed with status 500
2026-01-09 04:16:17.703 | WARNING  | __main__:_make_request:219 - Request failed with status 500
2026-01-09 04:16:22.707 | WARNING  | __main__:_make_request:219 - Request failed with status 500
2026-01-09 04:16:27.716 | WARNING  | __main__:_make_request:219 - Request failed with status 500
2026-01-09 04:16:32.720 | WARNING  | __main__:_make_request:219 - Request failed with status 500
2026-01-09 04:16:37.596 | WARNING  | __main__:_make_request:219 - Request failed with status 500
2026-01-09 04:16:37.728 | WARNING  | __main__:_make_request:219 - Request failed with status 500
2026-01-09 04:16:42.734 | WARNING  | __main__:_make_request:219 - Request failed with status 500
2026-01-09 04:16:47.741 | WARNING  | __main__:_make_request:219 - Request failed with status 500
2026-01-09 04:16:52.747 | WARNING  | __main__:_make_request:219 - Request failed with status 500
2026-01-09 04:16:57.754 | WARNING  | __main__:_make_request:219 - Request failed with status 500
2026-01-09 04:17:02.764 | WARNING  | __main__:_make_request:219 - Request failed with status 500
2026-01-09 04:17:07.601 | WARNING  | __main__:_make_request:219 - Request failed with status 500
2026-01-09 04:17:07.771 | WARNING  | __main__:_make_request:219 - Request failed with status 500
2026-01-09 04:17:12.776 | WARNING  | __main__:_make_request:219 - Request failed with status 500
2026-01-09 04:17:17.783 | WARNING  | __main__:_make_request:219 - Request failed with status 500
2026-01-09 04:17:22.789 | WARNING  | __main__:_make_request:219 - Request failed with status 500
2026-01-09 04:17:27.796 | WARNING  | __main__:_make_request:219 - Request failed with status 500
2026-01-09 04:17:32.801 | WARNING  | __main__:_make_request:219 - Request failed with status 500
2026-01-09 04:17:37.607 | WARNING  | __main__:_make_request:219 - Request failed with status 500
2026-01-09 04:17:37.807 | WARNING  | __main__:_make_request:219 - Request failed with status 500
2026-01-09 04:17:42.814 | WARNING  | __main__:_make_request:219 - Request failed with status 500
2026-01-09 04:17:47.819 | WARNING  | __main__:_make_request:219 - Request failed with status 500
2026-01-09 04:17:52.825 | WARNING  | __main__:_make_request:219 - Request failed with status 500
2026-01-09 04:17:57.843 | WARNING  | __main__:_make_request:219 - Request failed with status 500
2026-01-09 04:18:02.848 | WARNING  | __main__:_make_request:219 - Request failed with status 500
2026-01-09 04:18:07.613 | WARNING  | __main__:_make_request:219 - Request failed with status 500
2026-01-09 04:18:07.854 | WARNING  | __main__:_make_request:219 - Request failed with status 500
2026-01-09 04:18:12.857 | WARNING  | __main__:_make_request:219 - Request failed with status 500
2026-01-09 04:18:17.870 | ERROR    | __main__:_make_request:216 - Authentication failed. Token may be invalid.
2026-01-09 04:18:22.874 | ERROR    | __main__:_make_request:216 - Authentication failed. Token may be invalid.
2026-01-09 04:18:27.879 | ERROR    | __main__:_make_request:216 - Authentication failed. Token may be invalid.
2026-01-09 04:18:29.965 | INFO     | __main__:shutdown:436 - Received SIGINT. Shutting down...
2026-01-09 04:18:29.965 | INFO     | __main__:stop:429 - Stopping device client...
2026-01-09 04:18:37.400 | INFO     | __main__:shutdown:436 - Received SIGINT. Shutting down...
2026-01-09 04:18:37.400 | INFO     | __main__:stop:429 - Stopping device client...
2026-01-09 04:18:37.615 | DEBUG    | __main__:_close_session:113 - HTTP session closed
2026-01-09 04:18:37.615 | INFO     | __main__:start:425 - Device client stopped
2026-01-09 04:18:37.615 | INFO     | __main__:stop:429 - Stopping device client...
2026-01-09 04:18:38.897 | INFO     | __main__:__init__:49 - Device client initialized: MacBook-Air-Daniil.local-20260109041838
2026-01-09 04:18:38.897 | INFO     | __main__:start:394 - Starting device client: MacBook-Air-Daniil.local-20260109041838
2026-01-09 04:18:38.898 | DEBUG    | __main__:_create_session:106 - HTTP session created
2026-01-09 04:18:39.386 | INFO     | __main__:register_device:136 - Registering device: {'device_id': 'MacBook-Air-Daniil.local-20260109041838', 'name': 'MacBook-Air-Daniil.local', 'platform': <Platform.MACOS: 'macos'>, 'arch': 'arm64', 'version': 'Darwin Kernel Version 25.2.0: Tue Nov 18 21:09:34 PST 2025; root:xnu-12377.61.12~1/RELEASE_ARM64_T8112', 'ip_address': '208.123.185.204'}
2026-01-09 04:18:39.391 | SUCCESS  | __main__:register_device:144 - Device registered successfully. Token: T8Imta4tIb...
2026-01-09 04:18:39.393 | INFO     | __main__:_save_device_token:184 - Token saved to MacBook-Air-Daniil.local-20260109041838.token
2026-01-09 04:18:39.398 | DEBUG    | __main__:send_heartbeat:235 - Heartbeat sent: {'status': 'success', 'message': 'Heartbeat received'}
2026-01-09 04:18:39.398 | INFO     | __main__:get_pending_commands:250 - Received 0 pending commands
2026-01-09 04:18:44.405 | INFO     | __main__:get_pending_commands:250 - Received 0 pending commands
2026-01-09 04:18:49.413 | INFO     | __main__:get_pending_commands:250 - Received 0 pending commands
2026-01-09 04:18:54.418 | INFO     | __main__:get_pending_commands:250 - Received 0 pending commands
2026-01-09 04:18:59.428 | INFO     | __main__:get_pending_commands:250 - Received 0 pending commands
2026-01-09 04:19:04.434 | INFO     | __main__:get_pending_commands:250 - Received 0 pending commands
2026-01-09 04:19:09.402 | DEBUG    | __main__:send_heartbeat:235 - Heartbeat sent: {'status': 'success', 'message': 'Heartbeat received'}
2026-01-09 04:19:09.437 | INFO     | __main__:get_pending_commands:250 - Received 0 pending commands
2026-01-09 04:19:14.442 | INFO     | __main__:get_pending_commands:250 - Received 0 pending commands
2026-01-09 04:19:19.449 | INFO     | __main__:get_pending_commands:250 - Received 0 pending commands
2026-01-09 04:19:24.456 | INFO     | __main__:get_pending_commands:250 - Received 0 pending commands
2026-01-09 04:19:29.463 | INFO     | __main__:get_pending_commands:250 - Received 0 pending commands
2026-01-09 04:19:34.468 | INFO     | __main__:get_pending_commands:250 - Received 0 pending commands
2026-01-09 04:19:39.409 | DEBUG    | __main__:send_heartbeat:235 - Heartbeat sent: {'status': 'success', 'message': 'Heartbeat received'}
2026-01-09 04:19:39.473 | INFO     | __main__:get_pending_commands:250 - Received 0 pending commands
2026-01-09 04:19:44.479 | INFO     | __main__:get_pending_commands:250 - Received 0 pending commands
2026-01-09 04:19:49.483 | INFO     | __main__:get_pending_commands:250 - Received 0 pending commands
2026-01-09 04:19:54.489 | INFO     | __main__:get_pending_commands:250 - Received 0 pending commands
2026-01-09 04:19:59.494 | INFO     | __main__:get_pending_commands:250 - Received 0 pending commands
2026-01-09 04:20:04.502 | INFO     | __main__:get_pending_commands:250 - Received 0 pending commands
2026-01-09 04:20:09.414 | DEBUG    | __main__:send_heartbeat:235 - Heartbeat sent: {'status': 'success', 'message': 'Heartbeat received'}
2026-01-09 04:20:09.510 | INFO     | __main__:get_pending_commands:250 - Received 0 pending commands
2026-01-09 04:20:14.516 | INFO     | __main__:get_pending_commands:250 - Received 0 pending commands
2026-01-09 04:20:19.520 | INFO     | __main__:get_pending_commands:250 - Received 0 pending commands
2026-01-09 04:20:24.531 | INFO     | __main__:get_pending_commands:250 - Received 0 pending commands
2026-01-09 04:20:29.534 | INFO     | __main__:get_pending_commands:250 - Received 1 pending commands
2026-01-09 04:20:29.535 | INFO     | __main__:execute_command:263 - Executing command 6jTrPWZMUTE: ls...
2026-01-09 04:20:29.554 | INFO     | __main__:execute_command:309 - Command 6jTrPWZMUTE executed with exit code 0
2026-01-09 04:20:29.558 | INFO     | __main__:report_command_execution:344 - Command 6jTrPWZMUTE execution reported
2026-01-09 04:20:35.067 | INFO     | __main__:get_pending_commands:250 - Received 0 pending commands
2026-01-09 04:20:39.418 | DEBUG    | __main__:send_heartbeat:235 - Heartbeat sent: {'status': 'success', 'message': 'Heartbeat received'}
2026-01-09 04:20:40.073 | INFO     | __main__:get_pending_commands:250 - Received 0 pending commands
2026-01-09 04:20:45.082 | INFO     | __main__:get_pending_commands:250 - Received 0 pending commands
2026-01-09 04:20:50.087 | INFO     | __main__:get_pending_commands:250 - Received 0 pending commands
2026-01-09 04:20:55.091 | INFO     | __main__:get_pending_commands:250 - Received 0 pending commands
2026-01-09 04:21:00.096 | INFO     | __main__:get_pending_commands:250 - Received 0 pending commands
2026-01-09 04:21:05.103 | INFO     | __main__:get_pending_commands:250 - Received 0 pending commands
2026-01-09 04:21:09.421 | DEBUG    | __main__:send_heartbeat:235 - Heartbeat sent: {'status': 'success', 'message': 'Heartbeat received'}
2026-01-09 04:21:10.110 | INFO     | __main__:get_pending_commands:250 - Received 0 pending commands
2026-01-09 04:21:15.118 | INFO     | __main__:get_pending_commands:250 - Received 0 pending commands
2026-01-09 04:21:20.122 | INFO     | __main__:get_pending_commands:250 - Received 0 pending commands
2026-01-09 04:21:25.131 | INFO     | __main__:get_pending_commands:250 - Received 0 pending commands
2026-01-09 04:21:30.136 | INFO     | __main__:get_pending_commands:250 - Received 0 pending commands
2026-01-09 04:21:35.144 | INFO     | __main__:get_pending_commands:250 - Received 1 pending commands
2026-01-09 04:21:35.144 | INFO     | __main__:execute_command:263 - Executing command Xv0nUBz-M7c: mkdir ~/Desktop/negro...
2026-01-09 04:21:35.163 | INFO     | __main__:execute_command:309 - Command Xv0nUBz-M7c executed with exit code 0
2026-01-09 04:21:35.166 | INFO     | __main__:report_command_execution:344 - Command Xv0nUBz-M7c execution reported
2026-01-09 04:21:39.427 | DEBUG    | __main__:send_heartbeat:235 - Heartbeat sent: {'status': 'success', 'message': 'Heartbeat received'}
2026-01-09 04:21:40.672 | INFO     | __main__:get_pending_commands:250 - Received 0 pending commands
2026-01-09 04:21:45.681 | INFO     | __main__:get_pending_commands:250 - Received 0 pending commands
2026-01-09 04:21:50.686 | INFO     | __main__:get_pending_commands:250 - Received 0 pending commands
2026-01-09 04:21:55.695 | INFO     | __main__:get_pending_commands:250 - Received 0 pending commands
2026-01-09 04:22:00.698 | INFO     | __main__:get_pending_commands:250 - Received 0 pending commands
2026-01-09 04:22:05.704 | INFO     | __main__:get_pending_commands:250 - Received 0 pending commands
2026-01-09 04:22:09.432 | DEBUG    | __main__:send_heartbeat:235 - Heartbeat sent: {'status': 'success', 'message': 'Heartbeat received'}
2026-01-09 04:22:10.708 | INFO     | __main__:get_pending_commands:250 - Received 0 pending commands
2026-01-09 04:22:15.713 | INFO     | __main__:get_pending_commands:250 - Received 0 pending commands
2026-01-09 04:22:20.721 | INFO     | __main__:get_pending_commands:250 - Received 0 pending commands
2026-01-09 04:22:25.730 | INFO     | __main__:get_pending_commands:250 - Received 0 pending commands
2026-01-09 04:22:30.737 | INFO     | __main__:get_pending_commands:250 - Received 0 pending commands
2026-01-09 04:22:35.746 | INFO     | __main__:get_pending_commands:250 - Received 0 pending commands
2026-01-09 04:22:39.437 | DEBUG    | __main__:send_heartbeat:235 - Heartbeat sent: {'status': 'success', 'message': 'Heartbeat received'}
2026-01-09 04:22:40.753 | INFO     | __main__:get_pending_commands:250 - Received 0 pending commands
2026-01-09 04:22:45.758 | INFO     | __main__:get_pending_commands:250 - Received 0 pending commands
2026-01-09 04:22:50.762 | INFO     | __main__:get_pending_commands:250 - Received 0 pending commands
2026-01-09 04:22:55.769 | INFO     | __main__:get_pending_commands:250 - Received 0 pending commands
2026-01-09 04:23:00.773 | INFO     | __main__:get_pending_commands:250 - Received 0 pending commands
2026-01-09 04:23:02.508 | INFO     | __main__:shutdown:436 - Received SIGINT. Shutting down...
2026-01-09 04:23:02.508 | INFO     | __main__:stop:429 - Stopping device client...
2026-01-09 04:23:09.243 | INFO     | __main__:shutdown:436 - Received SIGINT. Shutting down...
2026-01-09 04:23:09.243 | INFO     | __main__:stop:429 - Stopping device client...
2026-01-09 04:23:09.439 | DEBUG    | __main__:_close_session:113 - HTTP session closed
2026-01-09 04:23:09.440 | INFO     | __main__:start:425 - Device client stopped
2026-01-09 04:23:09.440 | INFO     | __main__:stop:429 - Stopping device client...
2026-01-09 04:23:10.552 | INFO     | __main__:__init__:49 - Device client initialized: MacBook-Air-Daniil.local-20260109042310
2026-01-09 04:23:10.552 | INFO     | __main__:start:394 - Starting device client: MacBook-Air-Daniil.local-20260109042310
2026-01-09 04:23:10.552 | DEBUG    | __main__:_create_session:106 - HTTP session created
2026-01-09 04:23:11.167 | INFO     | __main__:register_device:136 - Registering device: {'device_id': 'MacBook-Air-Daniil.local-20260109042310', 'name': 'MacBook-Air-Daniil.local', 'platform': <Platform.MACOS: 'macos'>, 'arch': 'arm64', 'version': 'Darwin Kernel Version 25.2.0: Tue Nov 18 21:09:34 PST 2025; root:xnu-12377.61.12~1/RELEASE_ARM64_T8112', 'ip_address': '208.123.185.204'}
2026-01-09 04:23:11.172 | SUCCESS  | __main__:register_device:144 - Device registered successfully. Token: 9EJ4m9MxFC...
2026-01-09 04:23:11.174 | INFO     | __main__:_save_device_token:184 - Token saved to MacBook-Air-Daniil.local-20260109042310.token
2026-01-09 04:23:11.178 | DEBUG    | __main__:send_heartbeat:235 - Heartbeat sent: {'status': 'success', 'message': 'Heartbeat received'}
2026-01-09 04:23:11.179 | INFO     | __main__:get_pending_commands:250 - Received 0 pending commands
2026-01-09 04:23:14.950 | INFO     | __main__:shutdown:436 - Received SIGINT. Shutting down...
2026-01-09 04:23:14.951 | INFO     | __main__:stop:429 - Stopping device client...
2026-01-09 04:23:15.508 | INFO     | __main__:shutdown:436 - Received SIGINT. Shutting down...
2026-01-09 04:23:15.508 | INFO     | __main__:stop:429 - Stopping device client...
2026-01-09 04:23:16.858 | INFO     | __main__:shutdown:436 - Received SIGINT. Shutting down...
2026-01-09 04:23:16.859 | INFO     | __main__:stop:429 - Stopping device client...
2026-01-09 04:23:41.180 | DEBUG    | __main__:_close_session:113 - HTTP session closed
2026-01-09 04:23:41.181 | INFO     | __main__:start:425 - Device client stopped
2026-01-09 04:23:41.181 | INFO     | __main__:stop:429 - Stopping device client...
